// Jest Snapshot v1, https://goo.gl/fbAQLP

exports[`Test on <GenError /> component Should render with full props 1`] = `
<section
  className="w-100 "
>
  <div
    className="container"
  >
    <div
      className="row"
    >
      <div
        className="col-12"
      >
        <p
          className="bold h1 pb-4"
        >
          Something went wrong!
           
          <i
            className="fas ml-3 txtError align-middle fa-exclamation-circle"
          />
        </p>
      </div>
    </div>
    <div
      className="row pb-4"
    >
      <div
        className="col-12 pb-4"
      >
        <p
          className="pb-3 mb-0 h5"
        >
          Details
          :
        </p>
        <p
          className="pb-3 h5"
        >
          <span
            className="txtError"
          >
            Message
          </span>
        </p>
      </div>
    </div>
  </div>
</section>
`;
