// Jest Snapshot v1, https://goo.gl/fbAQLP

exports[`Test on <GenSuccess /> component Should render with full props 1`] = `
<section
  className="w-100 "
>
  <div
    className="container"
  >
    <div
      className="row"
    >
      <div
        className="col-12"
      >
        <p
          className="bold h1 pb-4"
        >
          overtitle
           
          <i
            className="fas ml-3 text-success align-middle fa-check-circle"
          />
        </p>
      </div>
    </div>
    <div
      className="row "
    >
      <div
        className="col-12 "
      >
        <p
          className="pb-3 h5"
        >
          Message
        </p>
      </div>
    </div>
  </div>
</section>
`;
